// Jest Snapshot v1, https://goo.gl/fbAQLP

exports[`POST /osc/commands/execute setOptions should respond with results 1`] = `
{
  "name": "camera.setOptions",
  "state": "done",
}
`;

exports[`THETA X POST /osc/commands/execute setOptions should respond with results 1`] = `
{
  "name": "camera.setOptions",
  "state": "done",
}
`;

exports[`THETA Z1 POST /osc/commands/execute setOptions should respond with results 1`] = `
{
  "name": "camera.setOptions",
  "state": "done",
}
`;
