// Jest Snapshot v1, https://goo.gl/fbAQLP

exports[`POST /osc/commands/execute _pluginControl should respond with results 1`] = `"{"name":"camera._pluginControl","state":"done"}"`;

exports[`THETA X POST /osc/commands/execute _pluginControl should respond with results 1`] = `"{"name":"camera._pluginControl","state":"done"}"`;

exports[`THETA Z1 POST /osc/commands/execute _pluginControl should respond with results 1`] = `"{"name":"camera._pluginControl","state":"done"}"`;
