// Jest Snapshot v1, https://goo.gl/fbAQLP

exports[`POST /osc/commands/execute _getPluginOrders should respond with results 1`] = `
[
  "com.example.mytestapplication1",
  "com.example.mytestapplication2",
  "com.example.mytestapplication3",
  "com.example.mytestapplication4",
  "com.example.mytestapplication5",
]
`;

exports[`THETA X POST /osc/commands/execute _getPluginOrders should respond with results 1`] = `
[
  "com.example.mytestapplication1",
  "com.example.mytestapplication2",
  "com.example.mytestapplication3",
  "com.example.mytestapplication4",
  "com.example.mytestapplication5",
]
`;

exports[`THETA Z1 /osc/commands/execute _getPluginOrders should respond with results 1`] = `
[
  "com.theta.remoteplayback",
  "com.theta360.remotecontrol",
  "com.theta360.usbstorage",
]
`;
